============================= test session starts =============================
platform win32 -- Python 3.14.2, pytest-9.0.2, pluggy-1.6.0 -- C:\Users\porti\OneDrive - SoftServe, Inc\Documents\Automation Project python\venv\Scripts\python.exe
cachedir: .pytest_cache
rootdir: C:\Users\porti\OneDrive - SoftServe, Inc\Documents\Automation Project python
configfile: pytest.ini
plugins: asyncio-1.3.0, base-url-2.1.0
asyncio: mode=Mode.STRICT, debug=False, asyncio_default_fixture_loop_scope=None, asyncio_default_test_loop_scope=function
collecting ... collected 1 item

tests/test_e2e.py::test_buy_product_as_guest FAILED

================================== FAILURES ===================================
__________________________ test_buy_product_as_guest __________________________

home_page = <pages.home.home_page.HomePage object at 0x0000028FB62392B0>

    @pytest.mark.smoke
    def test_buy_product_as_guest(home_page: HomePage):
        #buscar producto
        search_term = "ibuprufeno"
        home_page.navbar.search(search_term)
    
        #click en el primer producto
>       home_page.results.results_count.first.click()

tests\test_e2e.py:14: 
_ _ _ _ _ _ _ _ _ _ _ _ _ _ _ _ _ _ _ _ _ _ _ _ _ _ _ _ _ _ _ _ _ _ _ _ _ _ _ _
venv\Lib\site-packages\playwright\sync_api\_generated.py:15637: in click
    self._sync(
venv\Lib\site-packages\playwright\_impl\_locator.py:162: in click
    return await self._frame._click(self._selector, strict=True, **params)
           ^^^^^^^^^^^^^^^^^^^^^^^^^^^^^^^^^^^^^^^^^^^^^^^^^^^^^^^^^^^^^^^
venv\Lib\site-packages\playwright\_impl\_frame.py:566: in _click
    await self._channel.send("click", self._timeout, locals_to_params(locals()))
venv\Lib\site-packages\playwright\_impl\_connection.py:69: in send
    return await self._connection.wrap_api_call(
_ _ _ _ _ _ _ _ _ _ _ _ _ _ _ _ _ _ _ _ _ _ _ _ _ _ _ _ _ _ _ _ _ _ _ _ _ _ _ _

self = <playwright._impl._connection.Connection object at 0x0000028FB5F71E80>
cb = <function Channel.send.<locals>.<lambda> at 0x0000028FB604C7D0>
is_internal = False, title = None

    async def wrap_api_call(
        self, cb: Callable[[], Any], is_internal: bool = False, title: str = None
    ) -> Any:
        if self._api_zone.get():
            return await cb()
        task = asyncio.current_task(self._loop)
        st: List[inspect.FrameInfo] = getattr(
            task, "__pw_stack__", None
        ) or inspect.stack(0)
    
        parsed_st = _extract_stack_trace_information_from_stack(st, is_internal, title)
        self._api_zone.set(parsed_st)
        try:
            return await cb()
        except Exception as error:
>           raise rewrite_error(error, f"{parsed_st['apiName']}: {error}") from None
E           playwright._impl._errors.TimeoutError: Locator.click: Timeout 30000ms exceeded.
E           Call log:
E             - waiting for locator("ais-HitsPerPage-select").first

venv\Lib\site-packages\playwright\_impl\_connection.py:559: TimeoutError
============================== warnings summary ===============================
tests\test_e2e.py:7
  C:\Users\porti\OneDrive - SoftServe, Inc\Documents\Automation Project python\tests\test_e2e.py:7: PytestUnknownMarkWarning: Unknown pytest.mark.smoke - is this a typo?  You can register custom marks to avoid this warning - for details, see https://docs.pytest.org/en/stable/how-to/mark.html
    @pytest.mark.smoke

-- Docs: https://docs.pytest.org/en/stable/how-to/capture-warnings.html
=========================== short test summary info ===========================
FAILED tests/test_e2e.py::test_buy_product_as_guest - playwright._impl._error...
======================== 1 failed, 1 warning in 36.32s ========================
